criterion: period within 5%, success rate 90%, 200 trials per cell

=== central condition (noise 0.1, baseline 1.0, 16 samples/cycle, variability 5%)
    N =  1.0   success  15.5%
    N =  1.5   success  92.5% <- N_min
    N =  2.0   success 100.0%
    N =  2.5   success 100.0%
    N =  3.0   success 100.0%
    N =  3.5   success 100.0%
    N =  4.0   success 100.0%
    N =  5.0   success 100.0%
    N =  6.0   success 100.0%
    N =  8.0   success 100.0%

    N_min = 1.5

=== sensitivity
     noise  baseline  n/cycle  variability   N_min
      0.05       0.0        8          0%     1.5
      0.05       0.0        8          5%     1.5
      0.05       0.0        8         10%     2.5
      0.05       0.0       16          0%     1.5
      0.05       0.0       16          5%     1.5
      0.05       0.0       16         10%     1.5
      0.05       0.0       32          0%     1.5
      0.05       0.0       32          5%     1.5
      0.05       0.0       32         10%     1.5
      0.05       0.5        8          0%     1.5
      0.05       0.5        8          5%     1.5
      0.05       0.5        8         10%     2.5
      0.05       0.5       16          0%     1.5
      0.05       0.5       16          5%     1.5
      0.05       0.5       16         10%     2.0
      0.05       0.5       32          0%     1.5
      0.05       0.5       32          5%     1.5
      0.05       0.5       32         10%     1.5
      0.05       1.0        8          0%     1.5
      0.05       1.0        8          5%     1.5
      0.05       1.0        8         10%     2.0
      0.05       1.0       16          0%     1.5
      0.05       1.0       16          5%     1.5
      0.05       1.0       16         10%     1.5
      0.05       1.0       32          0%     1.5
      0.05       1.0       32          5%     1.5
      0.05       1.0       32         10%     1.5
      0.05       2.0        8          0%     1.5
      0.05       2.0        8          5%     1.5
      0.05       2.0        8         10%     2.5
      0.05       2.0       16          0%     1.5
      0.05       2.0       16          5%     1.5
      0.05       2.0       16         10%     1.5
      0.05       2.0       32          0%     1.5
      0.05       2.0       32          5%     1.5
      0.05       2.0       32         10%     1.5
      0.10       0.0        8          0%     2.0
      0.10       0.0        8          5%     2.0
      0.10       0.0        8         10%     2.0
      0.10       0.0       16          0%     1.5
      0.10       0.0       16          5%     1.5
      0.10       0.0       16         10%     2.0
      0.10       0.0       32          0%     1.5
      0.10       0.0       32          5%     1.5
      0.10       0.0       32         10%     1.5
      0.10       0.5        8          0%     1.5
      0.10       0.5        8          5%     2.0
      0.10       0.5        8         10%     2.5
      0.10       0.5       16          0%     1.5
      0.10       0.5       16          5%     1.5
      0.10       0.5       16         10%     2.0
      0.10       0.5       32          0%     1.5
      0.10       0.5       32          5%     1.5
      0.10       0.5       32         10%     1.5
      0.10       1.0        8          0%     2.0
      0.10       1.0        8          5%     2.0
      0.10       1.0        8         10%     2.5
      0.10       1.0       16          0%     1.5
      0.10       1.0       16          5%     1.5
      0.10       1.0       16         10%     2.0
      0.10       1.0       32          0%     1.5
      0.10       1.0       32          5%     1.5
      0.10       1.0       32         10%     1.5
      0.10       2.0        8          0%     2.0
      0.10       2.0        8          5%     2.0
      0.10       2.0        8         10%     2.5
      0.10       2.0       16          0%     1.5
      0.10       2.0       16          5%     1.5
      0.10       2.0       16         10%     1.5
      0.10       2.0       32          0%     1.5
      0.10       2.0       32          5%     1.5
      0.10       2.0       32         10%     1.5
      0.20       0.0        8          0%     2.0
      0.20       0.0        8          5%     2.0
      0.20       0.0        8         10%     3.0
      0.20       0.0       16          0%     2.0
      0.20       0.0       16          5%     2.0
      0.20       0.0       16         10%     2.0
      0.20       0.0       32          0%     2.0
      0.20       0.0       32          5%     1.5
      0.20       0.0       32         10%     2.0
      0.20       0.5        8          0%     2.0
      0.20       0.5        8          5%     2.0
      0.20       0.5        8         10%     2.5
      0.20       0.5       16          0%     2.0
      0.20       0.5       16          5%     2.0
      0.20       0.5       16         10%     2.0
      0.20       0.5       32          0%     1.5
      0.20       0.5       32          5%     1.5
      0.20       0.5       32         10%     2.0
      0.20       1.0        8          0%     2.0
      0.20       1.0        8          5%     2.0
      0.20       1.0        8         10%     3.0
      0.20       1.0       16          0%     2.0
      0.20       1.0       16          5%     2.0
      0.20       1.0       16         10%     2.0
      0.20       1.0       32          0%     1.5
      0.20       1.0       32          5%     1.5
      0.20       1.0       32         10%     2.0
      0.20       2.0        8          0%     2.0
      0.20       2.0        8          5%     2.0
      0.20       2.0        8         10%     2.5
      0.20       2.0       16          0%     2.0
      0.20       2.0       16          5%     2.0
      0.20       2.0       16         10%     2.0
      0.20       2.0       32          0%     2.0
      0.20       2.0       32          5%     2.0
      0.20       2.0       32         10%     2.0
      0.40       0.0        8          0%     3.0
      0.40       0.0        8          5%     3.5
      0.40       0.0        8         10%     4.0
      0.40       0.0       16          0%     2.5
      0.40       0.0       16          5%     2.5
      0.40       0.0       16         10%     2.5
      0.40       0.0       32          0%     2.0
      0.40       0.0       32          5%     2.0
      0.40       0.0       32         10%     2.0
      0.40       0.5        8          0%     3.0
      0.40       0.5        8          5%     3.0
      0.40       0.5        8         10%     4.0
      0.40       0.5       16          0%     2.5
      0.40       0.5       16          5%     2.5
      0.40       0.5       16         10%     2.5
      0.40       0.5       32          0%     2.0
      0.40       0.5       32          5%     2.0
      0.40       0.5       32         10%     2.0
      0.40       1.0        8          0%     3.0
      0.40       1.0        8          5%     3.5
      0.40       1.0        8         10%     4.0
      0.40       1.0       16          0%     2.5
      0.40       1.0       16          5%     2.5
      0.40       1.0       16         10%     2.5
      0.40       1.0       32          0%     2.0
      0.40       1.0       32          5%     2.0
      0.40       1.0       32         10%     2.0
      0.40       2.0        8          0%     3.0
      0.40       2.0        8          5%     3.0
      0.40       2.0        8         10%     4.0
      0.40       2.0       16          0%     2.5
      0.40       2.0       16          5%     2.5
      0.40       2.0       16         10%     2.5
      0.40       2.0       32          0%     2.0
      0.40       2.0       32          5%     2.0
      0.40       2.0       32         10%     2.0

written: D:\DevGit\non-ecg_core\IORN-011\results\n_min.json
